  Agent.cpp
  LevelManager.cpp
D:\SteeringBehaviors\MrSanmi_SteeringBehaviors\MrSanmi_SteeringBehaviors\LevelManager.cpp(102,17): warning C4267: 'inicializando': conversión de 'size_t' a 'int'; posible pérdida de datos
  Main.cpp
D:\SteeringBehaviors\MrSanmi_SteeringBehaviors\MrSanmi_SteeringBehaviors\Main.cpp(57,15): warning C4244: 'argumento': conversión de 'time_t' a 'unsigned int'; posible pérdida de datos
D:\SteeringBehaviors\MrSanmi_SteeringBehaviors\MrSanmi_SteeringBehaviors\Main.cpp(60,48): warning C4244: 'argumento': conversión de 'int' a 'T'; posible pérdida de datos
D:\SteeringBehaviors\MrSanmi_SteeringBehaviors\MrSanmi_SteeringBehaviors\Main.cpp(60,48): warning C4244:         with
D:\SteeringBehaviors\MrSanmi_SteeringBehaviors\MrSanmi_SteeringBehaviors\Main.cpp(60,48): warning C4244:         [
D:\SteeringBehaviors\MrSanmi_SteeringBehaviors\MrSanmi_SteeringBehaviors\Main.cpp(60,48): warning C4244:             T=float
D:\SteeringBehaviors\MrSanmi_SteeringBehaviors\MrSanmi_SteeringBehaviors\Main.cpp(60,48): warning C4244:         ]
D:\SteeringBehaviors\MrSanmi_SteeringBehaviors\MrSanmi_SteeringBehaviors\Main.cpp(60,33): warning C4244: 'argumento': conversión de 'int' a 'T'; posible pérdida de datos
D:\SteeringBehaviors\MrSanmi_SteeringBehaviors\MrSanmi_SteeringBehaviors\Main.cpp(60,33): warning C4244:         with
D:\SteeringBehaviors\MrSanmi_SteeringBehaviors\MrSanmi_SteeringBehaviors\Main.cpp(60,33): warning C4244:         [
D:\SteeringBehaviors\MrSanmi_SteeringBehaviors\MrSanmi_SteeringBehaviors\Main.cpp(60,33): warning C4244:             T=float
D:\SteeringBehaviors\MrSanmi_SteeringBehaviors\MrSanmi_SteeringBehaviors\Main.cpp(60,33): warning C4244:         ]
  SteeringBehaviours.cpp
D:\SteeringBehaviors\MrSanmi_SteeringBehaviors\MrSanmi_SteeringBehaviors\SteeringBehaviours.cpp(4,62): warning C4244: 'argumento': conversión de 'float' a 'T'; posible pérdida de datos
D:\SteeringBehaviors\MrSanmi_SteeringBehaviors\MrSanmi_SteeringBehaviors\SteeringBehaviours.cpp(4,62): warning C4244:         with
D:\SteeringBehaviors\MrSanmi_SteeringBehaviors\MrSanmi_SteeringBehaviors\SteeringBehaviours.cpp(4,62): warning C4244:         [
D:\SteeringBehaviors\MrSanmi_SteeringBehaviors\MrSanmi_SteeringBehaviors\SteeringBehaviours.cpp(4,62): warning C4244:             T=int
D:\SteeringBehaviors\MrSanmi_SteeringBehaviors\MrSanmi_SteeringBehaviors\SteeringBehaviours.cpp(4,62): warning C4244:         ]
D:\SteeringBehaviors\MrSanmi_SteeringBehaviors\MrSanmi_SteeringBehaviors\SteeringBehaviours.cpp(4,57): warning C4244: 'argumento': conversión de 'float' a 'T'; posible pérdida de datos
D:\SteeringBehaviors\MrSanmi_SteeringBehaviors\MrSanmi_SteeringBehaviors\SteeringBehaviours.cpp(4,57): warning C4244:         with
D:\SteeringBehaviors\MrSanmi_SteeringBehaviors\MrSanmi_SteeringBehaviors\SteeringBehaviours.cpp(4,57): warning C4244:         [
D:\SteeringBehaviors\MrSanmi_SteeringBehaviors\MrSanmi_SteeringBehaviors\SteeringBehaviours.cpp(4,57): warning C4244:             T=int
D:\SteeringBehaviors\MrSanmi_SteeringBehaviors\MrSanmi_SteeringBehaviors\SteeringBehaviours.cpp(4,57): warning C4244:         ]
  Generando código
  0 of 556 functions ( 0.0%) were compiled, the rest were copied from previous compilation.
    0 functions were new in current compilation
    0 functions had inline decision re-evaluated but remain unchanged
  Generación de código finalizada
  IACOCOMike.vcxproj -> D:\SteeringBehaviors\MrSanmi_SteeringBehaviors\x64\Release\MrSanmi_SteeringBehaviors.exe
